../Core/Src/main.c:112:6:PrintString	16	static
../Core/Src/main.c:120:13:PrivilegiosSVC	40	static,ignoring_inline_asm
../Core/Src/main.c:176:6:zeros	24	static
../Core/Src/main.c:184:6:productoEscalar32	32	static
../Core/Src/main.c:191:6:productoEscalar16	32	static
../Core/Src/main.c:200:6:productoEscalar12	32	static
../Core/Src/main.c:214:6:filtroVentana10	48	static
../Core/Src/main.c:240:6:pack32to16	32	static
../Core/Src/main.c:250:9:max	24	static
../Core/Src/main.c:263:6:downsampleM	40	static
../Core/Src/main.c:282:6:invertir	32	static
../Core/Src/main.c:305:5:main	16	static
../Core/Src/main.c:366:6:SystemClock_Config	88	static
../Core/Src/main.c:408:13:MX_USART1_UART_Init	8	static
../Core/Src/main.c:441:13:MX_GPIO_Init	16	static
../Core/Src/main.c:457:6:Error_Handler	4	static,ignoring_inline_asm
