../Core/Src/main.c:81:6:PrintString	16	static
../Core/Src/main.c:89:13:PrivilegiosSVC	40	static,ignoring_inline_asm
../Core/Src/main.c:145:6:zeros	24	static
../Core/Src/main.c:153:6:productoEscalar32	32	static
../Core/Src/main.c:160:6:productoEscalar16	32	static
../Core/Src/main.c:169:6:productoEscalar12	32	static
../Core/Src/main.c:191:5:main	16	static
../Core/Src/main.c:252:6:SystemClock_Config	88	static
../Core/Src/main.c:294:13:MX_USART1_UART_Init	8	static
../Core/Src/main.c:327:13:MX_GPIO_Init	16	static
../Core/Src/main.c:343:6:Error_Handler	4	static,ignoring_inline_asm
